---end scope---
bin BOOL -1
in BYTE -2
line 7: type mismatch
