---end scope---
---end scope---
---end scope---
n INT -1
---end scope---
n BYTE -1
---end scope---
---end scope---
print (STRING)->VOID 0
printi (INT)->VOID 0
fibonacci (INT)->INT 0
printFib (BYTE)->VOID 0
main ()->VOID 0
