---end scope---
y BOOL 0
---end scope---
line 8: type mismatch
