---end scope---
---end scope---
x INT 0
---end scope---
---end scope---
---end scope---
---end scope---
y INT 0
---end scope---
x BOOL -1
---end scope---
x INT 2
---end scope---
---end scope---
---end scope---
---end scope---
x BOOL 2
---end scope---
---end scope---
---end scope---
c BOOL 0
d BOOL 1
---end scope---
y INT 0
---end scope---
line 40: syntax error
