---end scope---
---end scope---
---end scope---
---end scope---
---end scope---
---end scope---
y INT 1
---end scope---
---end scope---
x BOOL 0
---end scope---
x INT 0
---end scope---
---end scope---
c BOOL -1
---end scope---
z BOOL 2
---end scope---
z BOOL 2
---end scope---
p BOOL 1
---end scope---
---end scope---
x INT 0
---end scope---
---end scope---
line 44: unexpected break statement
