---end scope---
foo BYTE -1
line 6: identifier c is already defined
