---end scope---
Program has no 'void main()' function
