---end scope---
---end scope---
---end scope---
---end scope---
---end scope---
line 14: unexpected break statement
