---end scope---
x INT -1
y BYTE -2
---end scope---
s INT 0
---end scope---
s BOOL 0
---end scope---
---end scope---
x INT 0
---end scope---
---end scope---
---end scope---
cond BOOL -1
---end scope---
z BOOL 3
---end scope---
---end scope---
y BYTE 2
---end scope---
---end scope---
x INT 0
w BOOL 1
z INT 2
---end scope---
print (STRING)->VOID 0
printi (INT)->VOID 0
foo (INT,BYTE)->INT 0
bar (BOOL)->VOID 0
main ()->VOID 0
