---end scope---
a INT -1
c INT 0
Program has no 'void main()' function
