---end scope---
int1 INT 0
byte1 BYTE 1
bool1 BOOL 2
bool2 BOOL 3
bool3 BOOL 4
---end scope---
print (STRING)->VOID 0
printi (INT)->VOID 0
main ()->VOID 0
